
  .   ____          _            __ _ _
 /\\ / ___'_ __ _ _(_)_ __  __ _ \ \ \ \
( ( )\___ | '_ | '_| | '_ \/ _` | \ \ \ \
 \\/  ___)| |_)| | | | | || (_| |  ) ) ) )
  '  |____| .__|_| |_|_| |_\__, | / / / /
 =========|_|==============|___/=/_/_/_/

 :: Spring Boot ::                (v3.4.3)

2026-08-31T13:29:53.879+08:00  INFO 46448 --- [           main] com.example.rag.RagApplication           : Starting RagApplication v1.0.0 using Java 21.0.7 with PID 46448 (C:\Users\Administrator.DESKTOP-VH55UL7\Desktop\AI full-stack\aoneng-digital-platform\backend\target\rag-platform-1.0.0.jar started by Administrator in C:\Users\Administrator.DESKTOP-VH55UL7\Desktop\AI full-stack\aoneng-digital-platform\backend)
2026-08-31T13:29:53.890+08:00  INFO 46448 --- [           main] com.example.rag.RagApplication           : No active profile set, falling back to 1 default profile: "default"
2026-08-31T13:29:58.965+08:00  WARN 46448 --- [           main] o.m.s.mapper.ClassPathMapperScanner      : No MyBatis mapper was found in '[com.example.rag]' package. Please check your configuration.
2026-08-31T13:30:00.784+08:00  INFO 46448 --- [           main] o.s.b.w.embedded.tomcat.TomcatWebServer  : Tomcat initialized with port 8080 (http)
2026-08-31T13:30:00.838+08:00  INFO 46448 --- [           main] o.apache.catalina.core.StandardService   : Starting service [Tomcat]
2026-08-31T13:30:00.841+08:00  INFO 46448 --- [           main] o.apache.catalina.core.StandardEngine    : Starting Servlet engine: [Apache Tomcat/10.1.36]
2026-08-31T13:30:00.984+08:00  INFO 46448 --- [           main] o.a.c.c.C.[Tomcat].[localhost].[/]       : Initializing Spring embedded WebApplicationContext
2026-08-31T13:30:00.991+08:00  INFO 46448 --- [           main] w.s.c.ServletWebServerApplicationContext : Root WebApplicationContext: initialization completed in 6956 ms
2026-08-31T13:30:02.669+08:00  INFO 46448 --- [           main] com.zaxxer.hikari.HikariDataSource       : HikariPool-1 - Starting...
2026-08-31T13:30:04.913+08:00  INFO 46448 --- [           main] com.zaxxer.hikari.pool.HikariPool        : HikariPool-1 - Added connection org.postgresql.jdbc.PgConnection@2b170932
2026-08-31T13:30:04.925+08:00  INFO 46448 --- [           main] com.zaxxer.hikari.HikariDataSource       : HikariPool-1 - Start completed.
2026-08-31T13:30:11.943+08:00  WARN 46448 --- [           main] .s.s.UserDetailsServiceAutoConfiguration : 

Using generated security password: 6adf6453-3ee6-4609-b124-b928c11d1d2c

This generated password is for development use only. Your security configuration must be updated before running your application in production.

2026-08-31T13:30:11.987+08:00  INFO 46448 --- [           main] r$InitializeUserDetailsManagerConfigurer : Global AuthenticationManager configured with UserDetailsService bean with name inMemoryUserDetailsManager
2026-08-31T13:30:13.060+08:00  INFO 46448 --- [           main] o.s.b.a.e.web.EndpointLinksResolver      : Exposing 2 endpoints beneath base path '/actuator'
 _ _   |_  _ _|_. ___ _ |    _ 
| | |\/|_)(_| | |_\  |_)||_|_\ 
     /               |         
                        3.5.7 
2026-08-31T13:30:15.353+08:00  INFO 46448 --- [           main] o.s.b.w.embedded.tomcat.TomcatWebServer  : Tomcat started on port 8080 (http) with context path '/'
2026-08-31T13:30:15.431+08:00  INFO 46448 --- [           main] com.example.rag.RagApplication           : Started RagApplication in 22.847 seconds (process running for 26.263)
2026-08-31T13:30:37.257+08:00  INFO 46448 --- [nio-8080-exec-1] o.a.c.c.C.[Tomcat].[localhost].[/]       : Initializing Spring DispatcherServlet 'dispatcherServlet'
2026-08-31T13:30:37.260+08:00  INFO 46448 --- [nio-8080-exec-1] o.s.web.servlet.DispatcherServlet        : Initializing Servlet 'dispatcherServlet'
2026-08-31T13:30:37.264+08:00  INFO 46448 --- [nio-8080-exec-1] o.s.web.servlet.DispatcherServlet        : Completed initialization in 3 ms
